exports[`test renders correctly 1`] = `
<div
  className="post-text-container">
  <div
    className="post-text-size post-text">
    <div
      dangerouslySetInnerHTML={
        Object {
          "__html": "There are always biger fishes to fry",
        }
      } />
  </div>
</div>
`;
